// Jest Snapshot v1, https://goo.gl/fbAQLP

exports[`PageNotFound matches snapshot 1`] = `
<h1>
  page not found
</h1>
`;
