// Jest Snapshot v1, https://goo.gl/fbAQLP

exports[`content matches snapshot 1`] = `null`;
