// Jest Snapshot v1, https://goo.gl/fbAQLP

exports[`NudgeStudyTools does not render if not open 1`] = `null`;

exports[`NudgeStudyTools does not render if open but without positions 1`] = `null`;

exports[`NudgeStudyTools renders only if open and if positions have been calculated 1`] = `
<div
  aria-label="Image points to the Study Guides and My Highlights buttons in the toolbar. The study tools you need. 100% free. Boost your studies with expert-created study guides and highlighting. To close image, navigate to or click the x button."
  className="styles__NudgeWrapper-hrv0cf-0 fJZGzd"
  data-analytics-region="Nudge Study Tools"
  tabIndex="-1"
>
  <img
    alt=""
    className="styles__NudgeArrow-hrv0cf-5 dAnHcf"
    src="arrowDesktop.svg"
  />
  <button
    className="Button__PlainButton-ayg7nk-2 styles__NudgeCloseButton-hrv0cf-7 kRuXQn"
    data-analytics-label="close"
    onClick={[Function]}
  >
    <svg
      aria-hidden="true"
      className="styles__NudgeCloseIcon-hrv0cf-6 gilaaP StyledIconBase-sc-bdy9j4 cCvWXa"
      fill="currentColor"
      focusable="false"
      viewBox="0 0 352 512"
    >
      <path
        d="M242.72 256l100.07-100.07c12.28-12.28 12.28-32.19 0-44.48l-22.24-22.24c-12.28-12.28-32.19-12.28-44.48 0L176 189.28 75.93 89.21c-12.28-12.28-32.19-12.28-44.48 0L9.21 111.45c-12.28 12.28-12.28 32.19 0 44.48L109.28 256 9.21 356.07c-12.28 12.28-12.28 32.19 0 44.48l22.24 22.24c12.28 12.28 32.2 12.28 44.48 0L176 322.72l100.07 100.07c12.28 12.28 32.2 12.28 44.48 0l22.24-22.24c12.28-12.28 12.28-32.19 0-44.48L242.72 256z"
        fill="currentColor"
      />
    </svg>
  </button>
  <div
    className="styles__NudgeContentWrapper-hrv0cf-1 dAyyBL"
  >
    <div
      className="styles__NudgeContent-hrv0cf-2 jYfSzb"
    >
      <h2
        className="styles__NudgeHeadingStyles-hrv0cf-3 ekEeMe"
        dangerouslySetInnerHTML={
          Object {
            "__html": "The study tools you need. <strong>100% FREE!</strong>",
          }
        }
      />
      <div
        className="styles__NudgeTextStyles-hrv0cf-4 jPNjeY"
        dangerouslySetInnerHTML={
          Object {
            "__html": "Boost your studies with expert-created study guides and highlighting. <strong>It's all free.</strong>",
          }
        }
      />
    </div>
  </div>
  <div
    className="styles__NudgeBackground-hrv0cf-8 grqcfE"
  >
    <div
      className="styles__NudgeSpotlight-hrv0cf-9 bOQXlU"
      height={45}
      width={300}
    />
  </div>
</div>
`;
